---
source: boltffi_backend/tests/kotlin/exports.rs
expression: "rendered_fixture(\"exports/acronym_class\")"
---
===== com/boltffi/demo/Demo.kt =====
@file:OptIn(kotlin.ExperimentalUnsignedTypes::class)

package com.boltffi.demo
@Suppress("FunctionName")
private object Native {
    @JvmStatic external fun boltffi_release_class_demo_gps_simulator(handle: Long): Unit
    @JvmStatic external fun boltffi_init_class_demo_gps_simulator_new(enabled: Boolean): Long
    @JvmStatic external fun boltffi_method_class_demo_gps_simulator_enabled(`receiver`: Long): Boolean
}

class GPSSimulator internal constructor(private val __boltffi_handle: java.util.concurrent.atomic.AtomicLong) : AutoCloseable {

    override fun close() {
        val handle = __boltffi_handle.getAndSet(0L)
        if (handle != 0L) {
            Native.boltffi_release_class_demo_gps_simulator(handle)
        }
    }

    internal fun __boltffiTakeHandle(): Long {
        val handle = __boltffi_handle.getAndSet(0L)
        check(handle != 0L) { "GPSSimulator is closed" }
        return handle
    }

    internal fun boltffiHandle(): Long {
        val handle = __boltffi_handle.get()
        check(handle != 0L) { "GPSSimulator is closed" }
        return handle
    }

    constructor(enabled: Boolean) : this(new(enabled).__boltffi_handle)

    companion object {
        private fun new(enabled: Boolean): GPSSimulator {
            return GPSSimulator(java.util.concurrent.atomic.AtomicLong(Native.boltffi_init_class_demo_gps_simulator_new(enabled)))
        }
    }

    fun enabled(): Boolean {
        return Native.boltffi_method_class_demo_gps_simulator_enabled(this.boltffiHandle())
    }
}
