---
source: boltffi_backend/tests/kotlin/exports.rs
expression: rendered
---
===== com/boltffi/demo/Demo.kt =====
@file:OptIn(kotlin.ExperimentalUnsignedTypes::class)

package com.boltffi.demo

import kotlinx.coroutines.launch
@Suppress("FunctionName")
private object Native {
    @JvmStatic external fun boltffi_init_record_demo_default_amount_with_scaled_value(value: Int): ByteArray?
    @JvmStatic external fun boltffi_method_record_demo_default_amount_try_scaled_value(value: Int): ByteArray?
    @JvmStatic external fun boltffi_method_record_demo_default_amount_offset(`receiver`: java.nio.ByteBuffer, step: Int): Int
    @JvmStatic external fun boltffi_init_record_demo_named_amount_empty(): ByteArray?
    @JvmStatic external fun boltffi_init_record_demo_named_amount_load(value: Int): Long
    @JvmStatic external fun boltffi_async_init_record_demo_named_amount_load_poll(handle: Long, callback_data: Long): Byte
    @JvmStatic external fun boltffi_async_init_record_demo_named_amount_load_complete(handle: Long): ByteArray?
    @JvmStatic external fun boltffi_async_init_record_demo_named_amount_load_cancel(handle: Long): Unit
    @JvmStatic external fun boltffi_async_init_record_demo_named_amount_load_free(handle: Long): Unit
    @JvmStatic external fun boltffi_async_init_record_demo_named_amount_load_panic_message(handle: Long): ByteArray?
    @JvmStatic external fun boltffi_init_record_demo_named_amount_with_value(value: Int): ByteArray?
    @JvmStatic external fun boltffi_init_enum_demo_default_mode_with_mode(mode: Byte): Byte
    @JvmStatic external fun boltffi_init_enum_demo_default_mode_new(mode: Byte): Byte
    @JvmStatic external fun boltffi_init_enum_demo_default_mode_load(mode: Byte): Long
    @JvmStatic external fun boltffi_async_init_enum_demo_default_mode_load_poll(handle: Long, callback_data: Long): Byte
    @JvmStatic external fun boltffi_async_init_enum_demo_default_mode_load_complete(handle: Long): Byte
    @JvmStatic external fun boltffi_async_init_enum_demo_default_mode_load_cancel(handle: Long): Unit
    @JvmStatic external fun boltffi_async_init_enum_demo_default_mode_load_free(handle: Long): Unit
    @JvmStatic external fun boltffi_async_init_enum_demo_default_mode_load_panic_message(handle: Long): ByteArray?
    @JvmStatic external fun boltffi_method_enum_demo_default_mode_matches(`receiver`: Byte, mode: Byte): Boolean
    @JvmStatic external fun boltffi_release_class_demo_server(handle: Long): Unit
    @JvmStatic external fun boltffi_init_class_demo_server_new(port: Short): Long
    @JvmStatic external fun boltffi_init_class_demo_server_start(port: Short, first: Long, second: Long): Long
    @JvmStatic external fun boltffi_async_init_class_demo_server_start_poll(handle: Long, callback_data: Long): Byte
    @JvmStatic external fun boltffi_async_init_class_demo_server_start_complete(handle: Long): Long
    @JvmStatic external fun boltffi_async_init_class_demo_server_start_cancel(handle: Long): Unit
    @JvmStatic external fun boltffi_async_init_class_demo_server_start_free(handle: Long): Unit
    @JvmStatic external fun boltffi_async_init_class_demo_server_start_panic_message(handle: Long): ByteArray?
    @JvmStatic external fun boltffi_method_class_demo_server_port(`receiver`: Long, mapped: Boolean): Short
    @JvmStatic external fun boltffi_release_class_demo_default_counter(handle: Long): Unit
    @JvmStatic external fun boltffi_init_class_demo_default_counter_from_text(value: java.nio.ByteBuffer, __boltffi_value_len: Int): Long
    @JvmStatic external fun boltffi_init_class_demo_default_counter_new(start: Int): Long
    @JvmStatic external fun boltffi_init_class_demo_default_counter_with_offset(start: Int, offset: Int): Long
    @JvmStatic external fun boltffi_method_class_demo_default_counter_offset(`receiver`: Long, step: Int): Int
    @JvmStatic external fun boltffi_method_class_demo_default_counter_sum(left: Int, right: Int): Int
    @JvmStatic external fun boltffi_method_class_demo_default_counter_async_offset(`receiver`: Long, step: Int): Long
    @JvmStatic external fun boltffi_async_method_class_demo_default_counter_async_offset_poll(handle: Long, callback_data: Long): Byte
    @JvmStatic external fun boltffi_async_method_class_demo_default_counter_async_offset_complete(handle: Long): Int
    @JvmStatic external fun boltffi_async_method_class_demo_default_counter_async_offset_cancel(handle: Long): Unit
    @JvmStatic external fun boltffi_async_method_class_demo_default_counter_async_offset_free(handle: Long): Unit
    @JvmStatic external fun boltffi_async_method_class_demo_default_counter_async_offset_panic_message(handle: Long): ByteArray?
    @JvmStatic external fun boltffi_function_demo_greet(name: java.nio.ByteBuffer, __boltffi_name_len: Int, greeting: java.nio.ByteBuffer, __boltffi_greeting_len: Int, times: Int, offset: Long, shout: Boolean, ratio: Float, mode: Byte, suffix: java.nio.ByteBuffer, __boltffi_suffix_len: Int, limit: java.nio.ByteBuffer, __boltffi_limit_len: Int): ByteArray?
    @JvmStatic external fun boltffi_function_demo_format_defaults(name: java.nio.ByteBuffer, __boltffi_name_len: Int, greeting: java.nio.ByteBuffer, __boltffi_greeting_len: Int, enabled: Boolean, ratio: Float, mode: Byte, weight: java.nio.ByteBuffer, __boltffi_weight_len: Int, handler: Long): ByteArray?
    @JvmStatic external fun boltffi_function_demo_async_default(value: Int): Long
    @JvmStatic external fun boltffi_async_function_demo_async_default_poll(handle: Long, callback_data: Long): Byte
    @JvmStatic external fun boltffi_async_function_demo_async_default_complete(handle: Long): Int
    @JvmStatic external fun boltffi_async_function_demo_async_default_cancel(handle: Long): Unit
    @JvmStatic external fun boltffi_async_function_demo_async_default_free(handle: Long): Unit
    @JvmStatic external fun boltffi_async_function_demo_async_default_panic_message(handle: Long): ByteArray?
    @JvmStatic external fun boltffi_function_demo_apply_optional_closure(value: Int, callback: Long): Int
    @JvmStatic external fun boltffi_function_demo_default_amount(amount: java.nio.ByteBuffer, __boltffi_amount_len: Int): ByteArray?
    @JvmStatic external fun boltffi_function_demo_span(start: Long, end: Long): Long
    @JvmStatic external fun boltffi_function_demo_throttle(limit: java.nio.ByteBuffer, __boltffi_limit_len: Int): ByteArray?
    @JvmStatic external fun boltffi_function_demo_default_float_bits(value: Float): Int
    @JvmStatic external fun boltffi_function_demo_default_double_bits(value: Double): Long
    @JvmStatic external fun boltffi_function_demo_default_email(email: java.nio.ByteBuffer, __boltffi_email_len: Int): ByteArray?
    @JvmStatic external fun boltffi_function_demo_default_identifier(identifier: java.nio.ByteBuffer, __boltffi_identifier_len: Int): ByteArray?
    @JvmStatic external fun boltffi_function_demo_default_optional_email(email: java.nio.ByteBuffer, __boltffi_email_len: Int): ByteArray?

    @JvmStatic fun boltffiFutureContinuationCallback(handle: Long, pollResult: Byte) {
        BoltFfiAsync.resume(handle, pollResult)
    }
}

fun interface ClosureI32ToI32 {
    fun invoke(arg0: Int): Int
}

private object ClosureI32ToI32Callbacks {
    private val map = java.util.concurrent.ConcurrentHashMap<Long, ClosureI32ToI32>()
    private val counter = java.util.concurrent.atomic.AtomicLong(1L)

    fun insert(value: ClosureI32ToI32): Long {
        val handle = counter.getAndAdd(2L)
        map[handle] = value
        return handle
    }

    @JvmStatic
    fun free(handle: Long) {
        map.remove(handle)
    }

    @JvmStatic
    fun call(handle: Long, arg0: Int): Int {
        val impl = map[handle] ?: error("ClosureI32ToI32Callbacks: invalid handle $handle")
        return impl.invoke(arg0)
    }
}

typealias Amount = DefaultAmount

typealias Limit = UInt?

typealias Email = String

typealias Identifier = String


data class DefaultAmount(
    val value: Int = 3
) {
    internal fun wireSize(): Int {
        return 4
    }

    internal fun writeTo(writer: WireWriter) {
        writer.writeI32(value)
    }
    internal fun toByteArray(): ByteArray {
        val buffer = java.nio.ByteBuffer
            .allocate(STRUCT_SIZE)
            .order(java.nio.ByteOrder.nativeOrder())
        writeTo(buffer, 0)
        return buffer.array()
    }

    internal fun toDirectBuffer(): java.nio.ByteBuffer {
        val buffer = java.nio.ByteBuffer
            .allocateDirect(STRUCT_SIZE)
            .order(java.nio.ByteOrder.nativeOrder())
        writeTo(buffer, 0)
        return buffer
    }

    internal fun writeTo(buffer: java.nio.ByteBuffer, offset: Int) {
        buffer.putInt(offset, value)
    }

    companion object {
        internal const val STRUCT_SIZE: Int = 4
        internal fun fromReader(reader: WireReader): DefaultAmount {
            return DefaultAmount(
                reader.readI32()
            )
        }

        internal fun fromByteArray(bytes: ByteArray): DefaultAmount {
            require(bytes.size == STRUCT_SIZE)
            val buffer = java.nio.ByteBuffer
                .wrap(bytes)
                .order(java.nio.ByteOrder.nativeOrder())
            return fromBuffer(buffer, 0)
        }

        internal fun fromBuffer(buffer: java.nio.ByteBuffer, offset: Int): DefaultAmount {
            return DefaultAmount(
                buffer.getInt(offset)
            )
        }

        fun withScaledValue(value: Int = 2): DefaultAmount {
            val __boltffi_result = Native.boltffi_init_record_demo_default_amount_with_scaled_value(value) ?: throw IllegalStateException("null buffer returned")
            return DefaultAmount.fromByteArray(__boltffi_result)
        }

        fun tryScaledValue(value: Int = 2): DefaultAmount? {
            val __boltffi_result = Native.boltffi_method_record_demo_default_amount_try_scaled_value(value) ?: throw IllegalStateException("null buffer returned")
            val __boltffi_reader = WireReader(__boltffi_result)
            return __boltffi_reader.readOptionalValue({ __boltffi_reader -> DefaultAmount.fromReader(__boltffi_reader) })
        }
    }

    fun offset(step: Int = 2): Int {
        val __boltffi_receiver = this.toDirectBuffer()
        return Native.boltffi_method_record_demo_default_amount_offset(__boltffi_receiver, step)
    }
}


data class NamedAmount(
    val value: Int
) {
    internal fun toByteArray(): ByteArray {
        val buffer = java.nio.ByteBuffer
            .allocate(STRUCT_SIZE)
            .order(java.nio.ByteOrder.nativeOrder())
        writeTo(buffer, 0)
        return buffer.array()
    }

    internal fun toDirectBuffer(): java.nio.ByteBuffer {
        val buffer = java.nio.ByteBuffer
            .allocateDirect(STRUCT_SIZE)
            .order(java.nio.ByteOrder.nativeOrder())
        writeTo(buffer, 0)
        return buffer
    }

    internal fun writeTo(buffer: java.nio.ByteBuffer, offset: Int) {
        buffer.putInt(offset, value)
    }

    companion object {
        internal const val STRUCT_SIZE: Int = 4

        internal fun fromByteArray(bytes: ByteArray): NamedAmount {
            require(bytes.size == STRUCT_SIZE)
            val buffer = java.nio.ByteBuffer
                .wrap(bytes)
                .order(java.nio.ByteOrder.nativeOrder())
            return fromBuffer(buffer, 0)
        }

        internal fun fromBuffer(buffer: java.nio.ByteBuffer, offset: Int): NamedAmount {
            return NamedAmount(
                buffer.getInt(offset)
            )
        }

        fun empty(): NamedAmount {
            val __boltffi_result = Native.boltffi_init_record_demo_named_amount_empty() ?: throw IllegalStateException("null buffer returned")
            return NamedAmount.fromByteArray(__boltffi_result)
        }

        suspend fun load(value: Int = 6): NamedAmount {
            return boltffiCallAsync(
                createFuture = {
                    Native.boltffi_init_record_demo_named_amount_load(value)
                },
                poll = { future, contHandle -> Native.boltffi_async_init_record_demo_named_amount_load_poll(future, contHandle) },
                complete = { future ->
                    val __boltffi_result = Native.boltffi_async_init_record_demo_named_amount_load_complete(future) ?: throw IllegalStateException("null buffer returned")
                    NamedAmount.fromByteArray(__boltffi_result)
                },
                free = { future -> Native.boltffi_async_init_record_demo_named_amount_load_free(future) },
                cancel = { future -> Native.boltffi_async_init_record_demo_named_amount_load_cancel(future) },
            )
        }

        fun withValue(value: Int = 5): NamedAmount {
            val __boltffi_result = Native.boltffi_init_record_demo_named_amount_with_value(value) ?: throw IllegalStateException("null buffer returned")
            return NamedAmount.fromByteArray(__boltffi_result)
        }
    }
}


data class Range(
    val start: Long = Long.MIN_VALUE,
    val end: ULong = 18446744073709551615uL
) {
    internal fun toByteArray(): ByteArray {
        val buffer = java.nio.ByteBuffer
            .allocate(STRUCT_SIZE)
            .order(java.nio.ByteOrder.nativeOrder())
        writeTo(buffer, 0)
        return buffer.array()
    }

    internal fun toDirectBuffer(): java.nio.ByteBuffer {
        val buffer = java.nio.ByteBuffer
            .allocateDirect(STRUCT_SIZE)
            .order(java.nio.ByteOrder.nativeOrder())
        writeTo(buffer, 0)
        return buffer
    }

    internal fun writeTo(buffer: java.nio.ByteBuffer, offset: Int) {
        buffer.putLong(offset, start)
        buffer.putLong(offset + 8, end.toLong())
    }

    companion object {
        internal const val STRUCT_SIZE: Int = 16

        internal fun fromByteArray(bytes: ByteArray): Range {
            require(bytes.size == STRUCT_SIZE)
            val buffer = java.nio.ByteBuffer
                .wrap(bytes)
                .order(java.nio.ByteOrder.nativeOrder())
            return fromBuffer(buffer, 0)
        }

        internal fun fromBuffer(buffer: java.nio.ByteBuffer, offset: Int): Range {
            return Range(
                buffer.getLong(offset),
                buffer.getLong(offset + 8).toULong()
            )
        }
    }
}


data class Quota(
    val limit: UInt? = null
) {
    internal fun wireSize(): Int {
        return 1 + (this.limit?.let { __boltffi_value_0 -> 4 } ?: 0)
    }

    internal fun writeTo(writer: WireWriter) {
        writer.writeOptionalValue(this.limit, { writer, __boltffi_value_0 -> writer.writeU32(__boltffi_value_0) })
    }

    internal fun toByteArray(): ByteArray {
        val buffer = WireWriterPool.acquire(wireSize())
        val writer = buffer.writer
        try {
            writeTo(writer)
            return buffer.bytes()
        } finally {
            buffer.close()
        }
    }

    companion object {
        internal fun fromReader(reader: WireReader): Quota {
            return Quota(
                reader.readOptionalValue({ reader -> reader.readU32() })
            )
        }

        internal fun fromByteArray(bytes: ByteArray): Quota {
            val reader = WireReader(bytes)
            return fromReader(reader)
        }
    }
}


data class FloatDefaults(
    val single: Float = -0.0f,
    val double: Double = -0.0
) {
    internal fun wireSize(): Int {
        return 4 + 8
    }

    internal fun writeTo(writer: WireWriter) {
        writer.writeF32(this.single)
        writer.writeF64(this.double)
    }

    internal fun toByteArray(): ByteArray {
        val buffer = WireWriterPool.acquire(wireSize())
        val writer = buffer.writer
        try {
            writeTo(writer)
            return buffer.bytes()
        } finally {
            buffer.close()
        }
    }

    companion object {
        internal fun fromReader(reader: WireReader): FloatDefaults {
            return FloatDefaults(
                reader.readF32(),
                reader.readF64()
            )
        }

        internal fun fromByteArray(bytes: ByteArray): FloatDefaults {
            val reader = WireReader(bytes)
            return fromReader(reader)
        }
    }
}


data class ContactDefaults(
    val email: String = "mailto:ada@example.com",
    val identifier: String = "01234567-89ab-cdef-0123-456789abcdef",
    val optionalEmail: String? = null
) {
    internal fun wireSize(): Int {
        return 4 + Utf8Codec.maxBytes(this.email) + 4 + Utf8Codec.maxBytes(this.identifier) + 1 + (this.optionalEmail?.let { __boltffi_value_0 -> 4 + Utf8Codec.maxBytes(__boltffi_value_0) } ?: 0)
    }

    internal fun writeTo(writer: WireWriter) {
        writer.writeString(this.email)
        writer.writeString(this.identifier)
        writer.writeOptionalValue(this.optionalEmail, { writer, __boltffi_value_0 -> writer.writeString(__boltffi_value_0) })
    }

    internal fun toByteArray(): ByteArray {
        val buffer = WireWriterPool.acquire(wireSize())
        val writer = buffer.writer
        try {
            writeTo(writer)
            return buffer.bytes()
        } finally {
            buffer.close()
        }
    }

    companion object {
        internal fun fromReader(reader: WireReader): ContactDefaults {
            return ContactDefaults(
                reader.readString(),
                reader.readString(),
                reader.readOptionalValue({ reader -> reader.readString() })
            )
        }

        internal fun fromByteArray(bytes: ByteArray): ContactDefaults {
            val reader = WireReader(bytes)
            return fromReader(reader)
        }
    }
}


enum class Mode(val value: Byte) {
    FAST(1.toByte()),
    SLOW(2.toByte());

    companion object {
        fun fromValue(value: Byte): Mode =
            entries.first { it.value == value }
    }
}


enum class DefaultMode(val value: Byte) {
    QUIET(1.toByte()),
    LOUD(2.toByte());

    companion object {
        fun fromValue(value: Byte): DefaultMode =
            entries.first { it.value == value }

        fun withMode(mode: DefaultMode = DefaultMode.LOUD): DefaultMode {
            return DefaultMode.fromValue(Native.boltffi_init_enum_demo_default_mode_with_mode(mode.value.toByte()))
        }

        fun new(mode: DefaultMode = DefaultMode.QUIET): DefaultMode {
            return DefaultMode.fromValue(Native.boltffi_init_enum_demo_default_mode_new(mode.value.toByte()))
        }

        suspend fun load(mode: DefaultMode = DefaultMode.QUIET): DefaultMode {
            return boltffiCallAsync(
                createFuture = {
                    Native.boltffi_init_enum_demo_default_mode_load(mode.value.toByte())
                },
                poll = { future, contHandle -> Native.boltffi_async_init_enum_demo_default_mode_load_poll(future, contHandle) },
                complete = { future ->
                    DefaultMode.fromValue(Native.boltffi_async_init_enum_demo_default_mode_load_complete(future))
                },
                free = { future -> Native.boltffi_async_init_enum_demo_default_mode_load_free(future) },
                cancel = { future -> Native.boltffi_async_init_enum_demo_default_mode_load_cancel(future) },
            )
        }
    }

    fun matches(mode: DefaultMode = DefaultMode.QUIET): Boolean {
        return Native.boltffi_method_enum_demo_default_mode_matches(this.value.toByte(), mode.value.toByte())
    }
}

fun interface Handler {
    fun process(value: UInt): UInt
}

private object HandlerMap {
    private val map = java.util.concurrent.ConcurrentHashMap<Long, Handler>()
    private val counter = java.util.concurrent.atomic.AtomicLong(1L)

    fun insert(value: Handler): Long {
        val handle = counter.getAndAdd(2L)
        map[handle] = value
        return handle
    }

    fun get(handle: Long): Handler? = map[handle]

    fun remove(handle: Long): Handler? = map.remove(handle)

    fun clone(handle: Long): Long {
        val value = map[handle] ?: return 0L
        return insert(value)
    }
}

object HandlerCallbacks {
    @JvmStatic
    fun free(handle: Long) {
        HandlerMap.remove(handle)
    }

    @JvmStatic
    fun clone(handle: Long): Long {
        return HandlerMap.clone(handle)
    }

    @JvmStatic
    fun process(handle: Long, value: Int): Int {
        val impl = HandlerMap.get(handle) ?: error("HandlerMap: invalid handle $handle")
        return impl.process(value.toUInt()).toInt()
    }
}

object HandlerBridge {
    fun create(value: Handler): Long {
        return HandlerMap.insert(value)
    }
}

fun interface DefaultHandler {
    fun apply(value: Int): Int
}

private object DefaultHandlerMap {
    private val map = java.util.concurrent.ConcurrentHashMap<Long, DefaultHandler>()
    private val counter = java.util.concurrent.atomic.AtomicLong(1L)

    fun insert(value: DefaultHandler): Long {
        val handle = counter.getAndAdd(2L)
        map[handle] = value
        return handle
    }

    fun get(handle: Long): DefaultHandler? = map[handle]

    fun remove(handle: Long): DefaultHandler? = map.remove(handle)

    fun clone(handle: Long): Long {
        val value = map[handle] ?: return 0L
        return insert(value)
    }
}

object DefaultHandlerCallbacks {
    @JvmStatic
    fun free(handle: Long) {
        DefaultHandlerMap.remove(handle)
    }

    @JvmStatic
    fun clone(handle: Long): Long {
        return DefaultHandlerMap.clone(handle)
    }

    @JvmStatic
    fun apply(handle: Long, value: Int): Int {
        val impl = DefaultHandlerMap.get(handle) ?: error("DefaultHandlerMap: invalid handle $handle")
        return impl.apply(value)
    }
}

object DefaultHandlerBridge {
    fun create(value: DefaultHandler): Long {
        return DefaultHandlerMap.insert(value)
    }
}

class Server internal constructor(internal val handle: Long) : AutoCloseable {
    private val __boltffi_closed = java.util.concurrent.atomic.AtomicBoolean(false)

    override fun close() {
        if (__boltffi_closed.compareAndSet(false, true)) {
            Native.boltffi_release_class_demo_server(handle)
        }
    }

    internal fun __boltffiTakeHandle(): Long {
        check(__boltffi_closed.compareAndSet(false, true)) { "Server is closed" }
        return handle
    }

    internal fun boltffiHandle(): Long {
        check(!__boltffi_closed.get()) { "Server is closed" }
        return handle
    }

    constructor(port: UShort = 8080.toUShort()) : this(new(port).handle)

    companion object {
        private fun new(port: UShort): Server {
            return Server(Native.boltffi_init_class_demo_server_new(port.toShort()))
        }
        suspend fun start(port: UShort, first: Handler? = null, second: Handler? = null): Server {
            return boltffiCallAsync(
                createFuture = {
                    Native.boltffi_init_class_demo_server_start(port.toShort(), first?.let { __boltffi_callback -> HandlerBridge.create(__boltffi_callback) } ?: 0L, second?.let { __boltffi_callback -> HandlerBridge.create(__boltffi_callback) } ?: 0L)
                },
                poll = { future, contHandle -> Native.boltffi_async_init_class_demo_server_start_poll(future, contHandle) },
                complete = { future ->
                    Server(Native.boltffi_async_init_class_demo_server_start_complete(future))
                },
                free = { future -> Native.boltffi_async_init_class_demo_server_start_free(future) },
                cancel = { future -> Native.boltffi_async_init_class_demo_server_start_cancel(future) },
            )
        }
    }

    fun port(mapped: Boolean = false): UShort {
        return Native.boltffi_method_class_demo_server_port(this.boltffiHandle(), mapped).toUShort()
    }
}

class DefaultCounter internal constructor(internal val handle: Long) : AutoCloseable {
    private val __boltffi_closed = java.util.concurrent.atomic.AtomicBoolean(false)

    override fun close() {
        if (__boltffi_closed.compareAndSet(false, true)) {
            Native.boltffi_release_class_demo_default_counter(handle)
        }
    }

    internal fun __boltffiTakeHandle(): Long {
        check(__boltffi_closed.compareAndSet(false, true)) { "DefaultCounter is closed" }
        return handle
    }

    internal fun boltffiHandle(): Long {
        check(!__boltffi_closed.get()) { "DefaultCounter is closed" }
        return handle
    }

    constructor(start: Int = 10) : this(new(start).handle)

    constructor(start: Int = 20, offset: Int) : this(withOffset(start, offset).handle)

    companion object {
        fun fromText(value: String = "40"): DefaultCounter {
            val __boltffi_value_wire = WireWriterPool.acquire(4 + Utf8Codec.maxBytes(value))
            val __boltffi_value_writer = __boltffi_value_wire.writer
            __boltffi_value_writer.writeString(value)
            try {
                return DefaultCounter(Native.boltffi_init_class_demo_default_counter_from_text(__boltffi_value_wire.directBuffer(), __boltffi_value_wire.size()))
            } finally {
                __boltffi_value_wire.close()
            }
        }
        private fun new(start: Int): DefaultCounter {
            return DefaultCounter(Native.boltffi_init_class_demo_default_counter_new(start))
        }
        private fun withOffset(start: Int, offset: Int): DefaultCounter {
            return DefaultCounter(Native.boltffi_init_class_demo_default_counter_with_offset(start, offset))
        }
        fun sum(left: Int = 1, right: Int = 2): Int {
            return Native.boltffi_method_class_demo_default_counter_sum(left, right)
        }
    }

    fun offset(step: Int = 1): Int {
        return Native.boltffi_method_class_demo_default_counter_offset(this.boltffiHandle(), step)
    }

    suspend fun asyncOffset(step: Int = 3): Int {
        return boltffiCallAsync(
            createFuture = {
                Native.boltffi_method_class_demo_default_counter_async_offset(this.boltffiHandle(), step)
            },
            poll = { future, contHandle -> Native.boltffi_async_method_class_demo_default_counter_async_offset_poll(future, contHandle) },
            complete = { future ->
                Native.boltffi_async_method_class_demo_default_counter_async_offset_complete(future)
            },
            free = { future -> Native.boltffi_async_method_class_demo_default_counter_async_offset_free(future) },
            cancel = { future -> Native.boltffi_async_method_class_demo_default_counter_async_offset_cancel(future) },
        )
    }
}

val floor: Long = Long.MIN_VALUE

val ceiling: ULong = 18446744073709551615uL

fun greet(name: String, greeting: String = "world", times: UInt = 3.toUInt(), offset: Long = -1, shout: Boolean = true, ratio: Float = 0.5f, mode: Mode = Mode.SLOW, suffix: String? = null, limit: UShort? = 7.toUShort()): String {
    val __boltffi_name_wire = WireWriterPool.acquire(4 + Utf8Codec.maxBytes(name))
    val __boltffi_name_writer = __boltffi_name_wire.writer
    __boltffi_name_writer.writeString(name)
    val __boltffi_greeting_wire = WireWriterPool.acquire(4 + Utf8Codec.maxBytes(greeting))
    val __boltffi_greeting_writer = __boltffi_greeting_wire.writer
    __boltffi_greeting_writer.writeString(greeting)
    val __boltffi_suffix_wire = WireWriterPool.acquire(1 + (suffix?.let { __boltffi_value_0 -> 4 + Utf8Codec.maxBytes(__boltffi_value_0) } ?: 0))
    val __boltffi_suffix_writer = __boltffi_suffix_wire.writer
    __boltffi_suffix_writer.writeOptionalValue(suffix, { __boltffi_suffix_writer, __boltffi_value_0 -> __boltffi_suffix_writer.writeString(__boltffi_value_0) })
    val __boltffi_limit_wire = WireWriterPool.acquire(if (limit == null) 1 else 3)
    val __boltffi_limit_writer = __boltffi_limit_wire.writer
    __boltffi_limit_writer.writeOptionalU16(limit)
    try {
        val __boltffi_result = Native.boltffi_function_demo_greet(__boltffi_name_wire.directBuffer(), __boltffi_name_wire.size(), __boltffi_greeting_wire.directBuffer(), __boltffi_greeting_wire.size(), times.toInt(), offset, shout, ratio, mode.value.toByte(), __boltffi_suffix_wire.directBuffer(), __boltffi_suffix_wire.size(), __boltffi_limit_wire.directBuffer(), __boltffi_limit_wire.size()) ?: throw IllegalStateException("null buffer returned")
        val __boltffi_reader = WireReader(__boltffi_result)
        return __boltffi_reader.readString()
    } finally {
        __boltffi_name_wire.close()
        __boltffi_greeting_wire.close()
        __boltffi_suffix_wire.close()
        __boltffi_limit_wire.close()
    }
}

fun formatDefaults(name: String, greeting: String = "hello", enabled: Boolean = true, ratio: Float = 0.5f, mode: DefaultMode = DefaultMode.QUIET, weight: Double? = 1.5, handler: DefaultHandler? = null): String {
    val __boltffi_name_wire = WireWriterPool.acquire(4 + Utf8Codec.maxBytes(name))
    val __boltffi_name_writer = __boltffi_name_wire.writer
    __boltffi_name_writer.writeString(name)
    val __boltffi_greeting_wire = WireWriterPool.acquire(4 + Utf8Codec.maxBytes(greeting))
    val __boltffi_greeting_writer = __boltffi_greeting_wire.writer
    __boltffi_greeting_writer.writeString(greeting)
    val __boltffi_weight_wire = WireWriterPool.acquire(if (weight == null) 1 else 9)
    val __boltffi_weight_writer = __boltffi_weight_wire.writer
    __boltffi_weight_writer.writeOptionalF64(weight)
    try {
        val __boltffi_result = Native.boltffi_function_demo_format_defaults(__boltffi_name_wire.directBuffer(), __boltffi_name_wire.size(), __boltffi_greeting_wire.directBuffer(), __boltffi_greeting_wire.size(), enabled, ratio, mode.value.toByte(), __boltffi_weight_wire.directBuffer(), __boltffi_weight_wire.size(), handler?.let { __boltffi_callback -> DefaultHandlerBridge.create(__boltffi_callback) } ?: 0L) ?: throw IllegalStateException("null buffer returned")
        val __boltffi_reader = WireReader(__boltffi_result)
        return __boltffi_reader.readString()
    } finally {
        __boltffi_name_wire.close()
        __boltffi_greeting_wire.close()
        __boltffi_weight_wire.close()
    }
}

suspend fun asyncDefault(value: UInt = 9.toUInt()): UInt {
    return boltffiCallAsync(
        createFuture = {
            Native.boltffi_function_demo_async_default(value.toInt())
        },
        poll = { future, contHandle -> Native.boltffi_async_function_demo_async_default_poll(future, contHandle) },
        complete = { future ->
            Native.boltffi_async_function_demo_async_default_complete(future).toUInt()
        },
        free = { future -> Native.boltffi_async_function_demo_async_default_free(future) },
        cancel = { future -> Native.boltffi_async_function_demo_async_default_cancel(future) },
    )
}

fun applyOptionalClosure(value: Int, callback: ClosureI32ToI32? = null): Int {
    return Native.boltffi_function_demo_apply_optional_closure(value, callback?.let { __boltffi_closure -> ClosureI32ToI32Callbacks.insert(__boltffi_closure) } ?: 0L)
}

fun defaultAmount(amount: DefaultAmount = DefaultAmount(5)): DefaultAmount {
    val __boltffi_amount_wire = WireWriterPool.acquire(amount.wireSize())
    val __boltffi_amount_writer = __boltffi_amount_wire.writer
    amount.writeTo(__boltffi_amount_writer)
    try {
        val __boltffi_result = Native.boltffi_function_demo_default_amount(__boltffi_amount_wire.directBuffer(), __boltffi_amount_wire.size()) ?: throw IllegalStateException("null buffer returned")
        val __boltffi_reader = WireReader(__boltffi_result)
        return DefaultAmount.fromReader(__boltffi_reader)
    } finally {
        __boltffi_amount_wire.close()
    }
}

fun span(start: Long = Long.MIN_VALUE, end: ULong = 18446744073709551615uL): ULong {
    return Native.boltffi_function_demo_span(start, end.toLong()).toULong()
}

fun throttle(limit: UInt? = null): UInt? {
    val __boltffi_limit_wire = WireWriterPool.acquire(1 + (limit?.let { __boltffi_value_0 -> 4 } ?: 0))
    val __boltffi_limit_writer = __boltffi_limit_wire.writer
    __boltffi_limit_writer.writeOptionalValue(limit, { __boltffi_limit_writer, __boltffi_value_0 -> __boltffi_limit_writer.writeU32(__boltffi_value_0) })
    try {
        val __boltffi_result = Native.boltffi_function_demo_throttle(__boltffi_limit_wire.directBuffer(), __boltffi_limit_wire.size()) ?: throw IllegalStateException("null buffer returned")
        val __boltffi_reader = WireReader(__boltffi_result)
        return __boltffi_reader.readOptionalValue({ __boltffi_reader -> __boltffi_reader.readU32() })
    } finally {
        __boltffi_limit_wire.close()
    }
}

fun defaultFloatBits(value: Float = -0.0f): UInt {
    return Native.boltffi_function_demo_default_float_bits(value).toUInt()
}

fun defaultDoubleBits(value: Double = -0.0): ULong {
    return Native.boltffi_function_demo_default_double_bits(value).toULong()
}

fun defaultEmail(email: String = "mailto:ada@example.com"): String {
    val __boltffi_email_wire = WireWriterPool.acquire(4 + Utf8Codec.maxBytes(email))
    val __boltffi_email_writer = __boltffi_email_wire.writer
    __boltffi_email_writer.writeString(email)
    try {
        val __boltffi_result = Native.boltffi_function_demo_default_email(__boltffi_email_wire.directBuffer(), __boltffi_email_wire.size()) ?: throw IllegalStateException("null buffer returned")
        val __boltffi_reader = WireReader(__boltffi_result)
        return __boltffi_reader.readString()
    } finally {
        __boltffi_email_wire.close()
    }
}

fun defaultIdentifier(identifier: String = "01234567-89ab-cdef-0123-456789abcdef"): String {
    val __boltffi_identifier_wire = WireWriterPool.acquire(4 + Utf8Codec.maxBytes(identifier))
    val __boltffi_identifier_writer = __boltffi_identifier_wire.writer
    __boltffi_identifier_writer.writeString(identifier)
    try {
        val __boltffi_result = Native.boltffi_function_demo_default_identifier(__boltffi_identifier_wire.directBuffer(), __boltffi_identifier_wire.size()) ?: throw IllegalStateException("null buffer returned")
        val __boltffi_reader = WireReader(__boltffi_result)
        return __boltffi_reader.readString()
    } finally {
        __boltffi_identifier_wire.close()
    }
}

fun defaultOptionalEmail(email: String? = "mailto:ada@example.com"): String? {
    val __boltffi_email_wire = WireWriterPool.acquire(1 + (email?.let { __boltffi_value_0 -> 4 + Utf8Codec.maxBytes(__boltffi_value_0) } ?: 0))
    val __boltffi_email_writer = __boltffi_email_wire.writer
    __boltffi_email_writer.writeOptionalValue(email, { __boltffi_email_writer, __boltffi_value_0 -> __boltffi_email_writer.writeString(__boltffi_value_0) })
    try {
        val __boltffi_result = Native.boltffi_function_demo_default_optional_email(__boltffi_email_wire.directBuffer(), __boltffi_email_wire.size()) ?: throw IllegalStateException("null buffer returned")
        val __boltffi_reader = WireReader(__boltffi_result)
        return __boltffi_reader.readOptionalValue({ __boltffi_reader -> __boltffi_reader.readString() })
    } finally {
        __boltffi_email_wire.close()
    }
}
