---
source: boltffi_backend/tests/kotlin/exports.rs
expression: rendered
---
===== com/boltffi/demo/Demo.kt =====
@file:OptIn(kotlin.ExperimentalUnsignedTypes::class)

package com.boltffi.demo
@Suppress("FunctionName")
private object Native {
    @JvmStatic external fun boltffi_release_class_demo_engine(handle: Long): Unit
    @JvmStatic external fun boltffi_init_class_demo_engine_new(value: Int): Long
    @JvmStatic external fun boltffi_method_class_demo_engine_version(): Int
    @JvmStatic external fun boltffi_method_class_demo_engine_value(`receiver`: Long): Int
    @JvmStatic external fun boltffi_method_class_demo_engine_swap(`receiver`: Long, other: Long): Long
    @JvmStatic external fun boltffi_method_class_demo_engine_maybe_swap(`receiver`: Long, other: Long): Long
}

class Engine internal constructor(internal val handle: Long) : AutoCloseable {
    private val __boltffi_closed = java.util.concurrent.atomic.AtomicBoolean(false)

    override fun close() {
        if (__boltffi_closed.compareAndSet(false, true)) {
            Native.boltffi_release_class_demo_engine(handle)
        }
    }

    internal fun __boltffiTakeHandle(): Long {
        check(__boltffi_closed.compareAndSet(false, true)) { "Engine is closed" }
        return handle
    }

    internal fun boltffiHandle(): Long {
        check(!__boltffi_closed.get()) { "Engine is closed" }
        return handle
    }

    constructor(value: Int) : this(new(value).handle)

    companion object {
        fun new(value: Int): Engine {
            return Engine(Native.boltffi_init_class_demo_engine_new(value))
        }
        fun version(): UInt {
            return Native.boltffi_method_class_demo_engine_version().toUInt()
        }
    }

    fun value(): Int {
        return Native.boltffi_method_class_demo_engine_value(this.boltffiHandle())
    }

    fun swap(other: Engine): Engine {
        return Engine(({
    Native.ensureInitialized()
    var __boltffi_other_owned_handle = 0L
    var __boltffiEntered = false
    try {
        __boltffi_other_owned_handle = other.__boltffiTakeHandle()
        val __boltffiArgument0 = this.boltffiHandle()
        val __boltffiArgument1 = __boltffi_other_owned_handle
        try {
            val __boltffiResult = Native.boltffi_method_class_demo_engine_swap(__boltffiArgument0, __boltffiArgument1)
            __boltffiEntered = true
            __boltffiResult
        } catch (__boltffiFailure: UnsatisfiedLinkError) {
            throw __boltffiFailure
        } catch (__boltffiFailure: Throwable) {
            __boltffiEntered = true
            throw __boltffiFailure
        }
    } finally {
        if (!__boltffiEntered) {
            if (__boltffi_other_owned_handle != 0L) Native.boltffi_release_class_demo_engine(__boltffi_other_owned_handle)
        }
    }
})())
    }

    fun maybeSwap(other: Engine?): Engine? {
        val __boltffi_handle = ({
    Native.ensureInitialized()
    var __boltffi_other_owned_handle = 0L
    var __boltffiEntered = false
    try {
        __boltffi_other_owned_handle = other?.__boltffiTakeHandle() ?: 0L
        val __boltffiArgument0 = this.boltffiHandle()
        val __boltffiArgument1 = __boltffi_other_owned_handle
        try {
            val __boltffiResult = Native.boltffi_method_class_demo_engine_maybe_swap(__boltffiArgument0, __boltffiArgument1)
            __boltffiEntered = true
            __boltffiResult
        } catch (__boltffiFailure: UnsatisfiedLinkError) {
            throw __boltffiFailure
        } catch (__boltffiFailure: Throwable) {
            __boltffiEntered = true
            throw __boltffiFailure
        }
    } finally {
        if (!__boltffiEntered) {
            if (__boltffi_other_owned_handle != 0L) Native.boltffi_release_class_demo_engine(__boltffi_other_owned_handle)
        }
    }
})()
        return if (__boltffi_handle == 0L) null else Engine(__boltffi_handle)
    }
}
